******************************************************************************
                  TI ARM Linker PC v20.2.5                     
******************************************************************************
>> Linked Tue Apr 18 10:01:29 2023

OUTPUT FILE NAME:   <P3_PAE.out>
ENTRY POINT SYMBOL: "_c_int00_noargs"  address: 00000a49


MEMORY CONFIGURATION

         name            origin    length      used     unused   attr    fill
----------------------  --------  ---------  --------  --------  ----  --------
  MAIN                  00000000   00040000  00000afe  0003f502  R  X
  INFO                  00200000   00004000  00000000  00004000  R  X
  SRAM_CODE             01000000   00010000  00000207  0000fdf9  RW X
  SRAM_DATA             20000000   00010000  00000207  0000fdf9  RW  


SEGMENT ALLOCATION MAP

run origin  load origin   length   init length attrs members
----------  ----------- ---------- ----------- ----- -------
00000000    00000000    00000b00   00000b00    r-x
  00000000    00000000    000000e4   000000e4    r-- .intvecs
  000000e4    000000e4    000009d8   000009d8    r-x .text
  00000abc    00000abc    00000012   00000012    r-- .const
  00000ad0    00000ad0    00000030   00000030    r-- .cinit
20000000    20000000    00000007   00000000    rw-
  20000000    20000000    00000004   00000000    rw- .data
  20000004    20000004    00000003   00000000    rw- .bss
2000fe00    2000fe00    00000200   00000000    rw-
  2000fe00    2000fe00    00000200   00000000    rw- .stack


SECTION ALLOCATION MAP

 output                                  attributes/
section   page    origin      length       input sections
--------  ----  ----------  ----------   ----------------
.intvecs   0    00000000    000000e4     
                  00000000    000000e4     startup_msp432p401r_ccs.obj (.intvecs:retain)

.text      0    000000e4    000009d8     
                  000000e4    000004a4     main.obj (.text)
                  00000588    00000334     system_msp432p401r.obj (.text)
                  000008bc    0000009c     rtsv7M4_T_le_v4SPD16_eabi.lib : memcpy_t2.asm.obj (.text)
                  00000958    00000068                                   : copy_decompress_lzss.c.obj (.text:decompress:lzss:__TI_decompress_lzss)
                  000009c0    00000044                                   : autoinit.c.obj (.text:__TI_auto_init_nobinit_nopinit:__TI_auto_init_nobinit_nopinit)
                  00000a04    00000042     lib_movement.obj (.text)
                  00000a46    00000002     --HOLE-- [fill = 0]
                  00000a48    00000034     rtsv7M4_T_le_v4SPD16_eabi.lib : boot_cortex_m.c.obj (.text:_c_int00_noargs:_c_int00_noargs)
                  00000a7c    0000001c                                   : copy_zero_init.c.obj (.text:decompress:ZI:__TI_zero_init_nomemset:__TI_zero_init_nomemset)
                  00000a98    0000000e                                   : copy_decompress_none.c.obj (.text:decompress:none:__TI_decompress_none)
                  00000aa6    0000000e     startup_msp432p401r_ccs.obj (.text)
                  00000ab4    00000004     rtsv7M4_T_le_v4SPD16_eabi.lib : pre_init.c.obj (.text:_system_pre_init)
                  00000ab8    00000004                                   : exit.c.obj (.text:abort:abort)

.const     0    00000abc    00000012     
                  00000abc    00000012     main.obj (.const:.string:$P$T0$1)

.cinit     0    00000ad0    00000030     
                  00000ad0    0000000c     (__TI_handler_table)
                  00000adc    00000004     --HOLE-- [fill = 0]
                  00000ae0    00000008     (.cinit..bss.load) [load image, compression = zero_init]
                  00000ae8    00000008     (.cinit..data.load) [load image, compression = lzss]
                  00000af0    00000010     (__TI_cinit_table)

.init_array 
*          0    00000000    00000000     UNINITIALIZED

.binit     0    00000000    00000000     

.data      0    20000000    00000004     UNINITIALIZED
                  20000000    00000004     system_msp432p401r.obj (.data)

.bss       0    20000004    00000003     UNINITIALIZED
                  20000004    00000001     (.common:Byte_Recibido)
                  20000005    00000001     (.common:DatoLeido_UART)
                  20000006    00000001     (.common:timeOut)

.stack     0    2000fe00    00000200     UNINITIALIZED
                  2000fe00    00000004     rtsv7M4_T_le_v4SPD16_eabi.lib : boot_cortex_m.c.obj (.stack)
                  2000fe04    000001fc     --HOLE--

__llvm_prf_cnts 
*          0    20000000    00000000     UNINITIALIZED

MODULE SUMMARY

       Module                        code   ro data   rw data
       ------                        ----   -------   -------
    .\
       main.obj                      1188   18        6      
       system_msp432p401r.obj        820    0         8      
       startup_msp432p401r_ccs.obj   14     228       0      
       lib_movement.obj              66     0         0      
    +--+-----------------------------+------+---------+---------+
       Total:                        2088   246       14     
                                                             
    C:\ti\ccs1040\ccs\tools\compiler\ti-cgt-arm_20.2.5.LTS\lib\rtsv7M4_T_le_v4SPD16_eabi.lib
       memcpy_t2.asm.obj             156    0         0      
       copy_decompress_lzss.c.obj    104    0         0      
       autoinit.c.obj                68     0         0      
       boot_cortex_m.c.obj           52     0         0      
       copy_zero_init.c.obj          28     0         0      
       copy_decompress_none.c.obj    14     0         0      
       exit.c.obj                    4      0         0      
       pre_init.c.obj                4      0         0      
    +--+-----------------------------+------+---------+---------+
       Total:                        430    0         0      
                                                             
       Stack:                        0      0         1024   
       Linker Generated:             0      44        0      
    +--+-----------------------------+------+---------+---------+
       Grand Total:                  2518   290       1038   


LINKER GENERATED COPY TABLES

__TI_cinit_table @ 00000af0 records: 2, size/record: 8, table size: 16
	.bss: load addr=00000ae0, load size=00000008 bytes, run addr=20000004, run size=00000003 bytes, compression=zero_init
	.data: load addr=00000ae8, load size=00000008 bytes, run addr=20000000, run size=00000004 bytes, compression=lzss


LINKER GENERATED HANDLER TABLE

__TI_handler_table @ 00000ad0 records: 3, size/record: 4, table size: 12
	index: 0, handler: __TI_decompress_lzss
	index: 1, handler: __TI_decompress_none
	index: 2, handler: __TI_zero_init


GLOBAL SYMBOLS: SORTED ALPHABETICALLY BY Name 

address   name                          
-------   ----                          
00000ab3  ADC14_IRQHandler              
00000ab3  AES256_IRQHandler             
0000020f  Activa_TimerA1_TimeOut        
00000ab3  BusFault_Handler              
20000004  Byte_Recibido                 
00000ab9  C$$EXIT                       
00000ab3  COMP_E0_IRQHandler            
00000ab3  COMP_E1_IRQHandler            
00000ab3  CS_IRQHandler                 
00000ab3  DMA_ERR_IRQHandler            
00000ab3  DMA_INT0_IRQHandler           
00000ab3  DMA_INT1_IRQHandler           
00000ab3  DMA_INT2_IRQHandler           
00000ab3  DMA_INT3_IRQHandler           
20000005  DatoLeido_UART                
00000ab3  DebugMon_Handler              
00000ab3  Default_Handler               
00000221  Desactiva_TimerA1_TimeOut     
00000ab3  EUSCIA0_IRQHandler            
00000ab3  EUSCIA1_IRQHandler            
00000141  EUSCIA2_IRQHandler            
00000141  EUSCIA2_IRQHandler            
00000ab3  EUSCIA3_IRQHandler            
00000ab3  EUSCIB0_IRQHandler            
00000ab3  EUSCIB1_IRQHandler            
00000ab3  EUSCIB2_IRQHandler            
00000ab3  EUSCIB3_IRQHandler            
00000ab3  FLCTL_IRQHandler              
00000ab3  FPU_IRQHandler                
00000ab3  HardFault_Handler             
00000ab3  MemManage_Handler             
00000ab3  NMI_Handler                   
00000ab3  PCM_IRQHandler                
00000ab3  PORT1_IRQHandler              
00000ab3  PORT2_IRQHandler              
00000ab3  PORT3_IRQHandler              
00000ab3  PORT4_IRQHandler              
00000ab3  PORT5_IRQHandler              
00000ab3  PORT6_IRQHandler              
00000ab3  PSS_IRQHandler                
00000ab3  PendSV_Handler                
00000ab3  RTC_C_IRQHandler              
00000aa7  Reset_Handler                 
0000022d  RxPacket                      
00000ab3  SVC_Handler                   
00000129  Sentit_Dades_Rx               
00000135  Sentit_Dades_Tx               
00000ab3  SysTick_Handler               
20000000  SystemCoreClock               
00000589  SystemCoreClockUpdate         
00000801  SystemInit                    
00000ab3  T32_INT1_IRQHandler           
00000ab3  T32_INT2_IRQHandler           
00000ab3  T32_INTC_IRQHandler           
00000ab3  TA0_0_IRQHandler              
00000ab3  TA0_N_IRQHandler              
00000195  TA1_0_IRQHandler              
00000195  TA1_0_IRQHandler              
00000ab3  TA1_N_IRQHandler              
00000ab3  TA2_0_IRQHandler              
00000ab3  TA2_N_IRQHandler              
00000ab3  TA3_0_IRQHandler              
00000ab3  TA3_N_IRQHandler              
000000e5  TimeOut                       
00000425  TxPacket                      
00000179  TxUACx                        
00000ab3  UsageFault_Handler            
4000480c  WDTCTL_SYM                    
00000ab3  WDT_A_IRQHandler              
20010000  __STACK_END                   
00000200  __STACK_SIZE                  
00000af0  __TI_CINIT_Base               
00000b00  __TI_CINIT_Limit              
00000ad0  __TI_Handler_Table_Base       
00000adc  __TI_Handler_Table_Limit      
000009c1  __TI_auto_init_nobinit_nopinit
00000959  __TI_decompress_lzss          
00000a99  __TI_decompress_none          
ffffffff  __TI_pprof_out_hndl           
ffffffff  __TI_prof_data_size           
ffffffff  __TI_prof_data_start          
00000000  __TI_static_base__            
00000a7d  __TI_zero_init_nomemset       
000008bd  __aeabi_memcpy                
000008bd  __aeabi_memcpy4               
000008bd  __aeabi_memcpy8               
ffffffff  __binit__                     
ffffffff  __c_args__                    
UNDEFED   __mpu_init                    
2000fe00  __stack                       
20000000  __start___llvm_prf_cnts       
20000000  __stop___llvm_prf_cnts        
00000a49  _c_int00_noargs               
UNDEFED   _system_post_cinit            
00000ab5  _system_pre_init              
00000ab9  abort                         
ffffffff  binit                         
000001bb  init_UART                     
0000036d  init_interrupciones           
000000ff  init_puerto                   
000003d3  init_timers                   
00000000  interruptVectors              
00000549  main                          
000008bd  memcpy                        
00000a05  moveForward                   
000001b3  reset_timeout                 
20000006  timeOut                       


GLOBAL SYMBOLS: SORTED BY Symbol Address 

address   name                          
-------   ----                          
00000000  __TI_static_base__            
00000000  interruptVectors              
000000e5  TimeOut                       
000000ff  init_puerto                   
00000129  Sentit_Dades_Rx               
00000135  Sentit_Dades_Tx               
00000141  EUSCIA2_IRQHandler            
00000141  EUSCIA2_IRQHandler            
00000179  TxUACx                        
00000195  TA1_0_IRQHandler              
00000195  TA1_0_IRQHandler              
000001b3  reset_timeout                 
000001bb  init_UART                     
00000200  __STACK_SIZE                  
0000020f  Activa_TimerA1_TimeOut        
00000221  Desactiva_TimerA1_TimeOut     
0000022d  RxPacket                      
0000036d  init_interrupciones           
000003d3  init_timers                   
00000425  TxPacket                      
00000549  main                          
00000589  SystemCoreClockUpdate         
00000801  SystemInit                    
000008bd  __aeabi_memcpy                
000008bd  __aeabi_memcpy4               
000008bd  __aeabi_memcpy8               
000008bd  memcpy                        
00000959  __TI_decompress_lzss          
000009c1  __TI_auto_init_nobinit_nopinit
00000a05  moveForward                   
00000a49  _c_int00_noargs               
00000a7d  __TI_zero_init_nomemset       
00000a99  __TI_decompress_none          
00000aa7  Reset_Handler                 
00000ab3  ADC14_IRQHandler              
00000ab3  AES256_IRQHandler             
00000ab3  BusFault_Handler              
00000ab3  COMP_E0_IRQHandler            
00000ab3  COMP_E1_IRQHandler            
00000ab3  CS_IRQHandler                 
00000ab3  DMA_ERR_IRQHandler            
00000ab3  DMA_INT0_IRQHandler           
00000ab3  DMA_INT1_IRQHandler           
00000ab3  DMA_INT2_IRQHandler           
00000ab3  DMA_INT3_IRQHandler           
00000ab3  DebugMon_Handler              
00000ab3  Default_Handler               
00000ab3  EUSCIA0_IRQHandler            
00000ab3  EUSCIA1_IRQHandler            
00000ab3  EUSCIA3_IRQHandler            
00000ab3  EUSCIB0_IRQHandler            
00000ab3  EUSCIB1_IRQHandler            
00000ab3  EUSCIB2_IRQHandler            
00000ab3  EUSCIB3_IRQHandler            
00000ab3  FLCTL_IRQHandler              
00000ab3  FPU_IRQHandler                
00000ab3  HardFault_Handler             
00000ab3  MemManage_Handler             
00000ab3  NMI_Handler                   
00000ab3  PCM_IRQHandler                
00000ab3  PORT1_IRQHandler              
00000ab3  PORT2_IRQHandler              
00000ab3  PORT3_IRQHandler              
00000ab3  PORT4_IRQHandler              
00000ab3  PORT5_IRQHandler              
00000ab3  PORT6_IRQHandler              
00000ab3  PSS_IRQHandler                
00000ab3  PendSV_Handler                
00000ab3  RTC_C_IRQHandler              
00000ab3  SVC_Handler                   
00000ab3  SysTick_Handler               
00000ab3  T32_INT1_IRQHandler           
00000ab3  T32_INT2_IRQHandler           
00000ab3  T32_INTC_IRQHandler           
00000ab3  TA0_0_IRQHandler              
00000ab3  TA0_N_IRQHandler              
00000ab3  TA1_N_IRQHandler              
00000ab3  TA2_0_IRQHandler              
00000ab3  TA2_N_IRQHandler              
00000ab3  TA3_0_IRQHandler              
00000ab3  TA3_N_IRQHandler              
00000ab3  UsageFault_Handler            
00000ab3  WDT_A_IRQHandler              
00000ab5  _system_pre_init              
00000ab9  C$$EXIT                       
00000ab9  abort                         
00000ad0  __TI_Handler_Table_Base       
00000adc  __TI_Handler_Table_Limit      
00000af0  __TI_CINIT_Base               
00000b00  __TI_CINIT_Limit              
20000000  SystemCoreClock               
20000000  __start___llvm_prf_cnts       
20000000  __stop___llvm_prf_cnts        
20000004  Byte_Recibido                 
20000005  DatoLeido_UART                
20000006  timeOut                       
2000fe00  __stack                       
20010000  __STACK_END                   
4000480c  WDTCTL_SYM                    
ffffffff  __TI_pprof_out_hndl           
ffffffff  __TI_prof_data_size           
ffffffff  __TI_prof_data_start          
ffffffff  __binit__                     
ffffffff  __c_args__                    
ffffffff  binit                         
UNDEFED   __mpu_init                    
UNDEFED   _system_post_cinit            

[107 symbols]
