******************************************************************************
                  TI ARM Linker PC v20.2.5                     
******************************************************************************
>> Linked Tue Apr 18 10:37:59 2023

OUTPUT FILE NAME:   <P3_PAE.out>
ENTRY POINT SYMBOL: "_c_int00_noargs"  address: 00000a0d


MEMORY CONFIGURATION

         name            origin    length      used     unused   attr    fill
----------------------  --------  ---------  --------  --------  ----  --------
  MAIN                  00000000   00040000  00000ac2  0003f53e  R  X
  INFO                  00200000   00004000  00000000  00004000  R  X
  SRAM_CODE             01000000   00010000  00000207  0000fdf9  RW X
  SRAM_DATA             20000000   00010000  00000207  0000fdf9  RW  


SEGMENT ALLOCATION MAP

run origin  load origin   length   init length attrs members
----------  ----------- ---------- ----------- ----- -------
00000000    00000000    00000ac8   00000ac8    r-x
  00000000    00000000    000000e4   000000e4    r-- .intvecs
  000000e4    000000e4    0000099c   0000099c    r-x .text
  00000a80    00000a80    00000012   00000012    r-- .const
  00000a98    00000a98    00000030   00000030    r-- .cinit
20000000    20000000    00000007   00000000    rw-
  20000000    20000000    00000004   00000000    rw- .data
  20000004    20000004    00000003   00000000    rw- .bss
2000fe00    2000fe00    00000200   00000000    rw-
  2000fe00    2000fe00    00000200   00000000    rw- .stack


SECTION ALLOCATION MAP

 output                                  attributes/
section   page    origin      length       input sections
--------  ----  ----------  ----------   ----------------
.intvecs   0    00000000    000000e4     
                  00000000    000000e4     startup_msp432p401r_ccs.obj (.intvecs:retain)

.text      0    000000e4    0000099c     
                  000000e4    00000468     main.obj (.text)
                  0000054c    00000334     system_msp432p401r.obj (.text)
                  00000880    0000009c     rtsv7M4_T_le_v4SPD16_eabi.lib : memcpy_t2.asm.obj (.text)
                  0000091c    00000068                                   : copy_decompress_lzss.c.obj (.text:decompress:lzss:__TI_decompress_lzss)
                  00000984    00000044                                   : autoinit.c.obj (.text:__TI_auto_init_nobinit_nopinit:__TI_auto_init_nobinit_nopinit)
                  000009c8    00000042     lib_movement.obj (.text)
                  00000a0a    00000002     --HOLE-- [fill = 0]
                  00000a0c    00000034     rtsv7M4_T_le_v4SPD16_eabi.lib : boot_cortex_m.c.obj (.text:_c_int00_noargs:_c_int00_noargs)
                  00000a40    0000001c                                   : copy_zero_init.c.obj (.text:decompress:ZI:__TI_zero_init_nomemset:__TI_zero_init_nomemset)
                  00000a5c    0000000e                                   : copy_decompress_none.c.obj (.text:decompress:none:__TI_decompress_none)
                  00000a6a    0000000e     startup_msp432p401r_ccs.obj (.text)
                  00000a78    00000004     rtsv7M4_T_le_v4SPD16_eabi.lib : pre_init.c.obj (.text:_system_pre_init)
                  00000a7c    00000004                                   : exit.c.obj (.text:abort:abort)

.const     0    00000a80    00000012     
                  00000a80    00000012     main.obj (.const:.string:$P$T0$1)

.cinit     0    00000a98    00000030     
                  00000a98    0000000c     (__TI_handler_table)
                  00000aa4    00000004     --HOLE-- [fill = 0]
                  00000aa8    00000008     (.cinit..bss.load) [load image, compression = zero_init]
                  00000ab0    00000008     (.cinit..data.load) [load image, compression = lzss]
                  00000ab8    00000010     (__TI_cinit_table)

.init_array 
*          0    00000000    00000000     UNINITIALIZED

.binit     0    00000000    00000000     

.data      0    20000000    00000004     UNINITIALIZED
                  20000000    00000004     system_msp432p401r.obj (.data)

.bss       0    20000004    00000003     UNINITIALIZED
                  20000004    00000001     (.common:Byte_Recibido)
                  20000005    00000001     (.common:dataR_UART)
                  20000006    00000001     (.common:timeOut)

.stack     0    2000fe00    00000200     UNINITIALIZED
                  2000fe00    00000004     rtsv7M4_T_le_v4SPD16_eabi.lib : boot_cortex_m.c.obj (.stack)
                  2000fe04    000001fc     --HOLE--

__llvm_prf_cnts 
*          0    20000000    00000000     UNINITIALIZED

MODULE SUMMARY

       Module                        code   ro data   rw data
       ------                        ----   -------   -------
    .\
       main.obj                      1128   18        6      
       system_msp432p401r.obj        820    0         8      
       startup_msp432p401r_ccs.obj   14     228       0      
       lib_movement.obj              66     0         0      
    +--+-----------------------------+------+---------+---------+
       Total:                        2028   246       14     
                                                             
    C:\ti\ccs1040\ccs\tools\compiler\ti-cgt-arm_20.2.5.LTS\lib\rtsv7M4_T_le_v4SPD16_eabi.lib
       memcpy_t2.asm.obj             156    0         0      
       copy_decompress_lzss.c.obj    104    0         0      
       autoinit.c.obj                68     0         0      
       boot_cortex_m.c.obj           52     0         0      
       copy_zero_init.c.obj          28     0         0      
       copy_decompress_none.c.obj    14     0         0      
       exit.c.obj                    4      0         0      
       pre_init.c.obj                4      0         0      
    +--+-----------------------------+------+---------+---------+
       Total:                        430    0         0      
                                                             
       Stack:                        0      0         1024   
       Linker Generated:             0      44        0      
    +--+-----------------------------+------+---------+---------+
       Grand Total:                  2458   290       1038   


LINKER GENERATED COPY TABLES

__TI_cinit_table @ 00000ab8 records: 2, size/record: 8, table size: 16
	.bss: load addr=00000aa8, load size=00000008 bytes, run addr=20000004, run size=00000003 bytes, compression=zero_init
	.data: load addr=00000ab0, load size=00000008 bytes, run addr=20000000, run size=00000004 bytes, compression=lzss


LINKER GENERATED HANDLER TABLE

__TI_handler_table @ 00000a98 records: 3, size/record: 4, table size: 12
	index: 0, handler: __TI_decompress_lzss
	index: 1, handler: __TI_decompress_none
	index: 2, handler: __TI_zero_init


GLOBAL SYMBOLS: SORTED ALPHABETICALLY BY Name 

address   name                          
-------   ----                          
00000a77  ADC14_IRQHandler              
00000a77  AES256_IRQHandler             
00000211  Activa_TimerA1_TimeOut        
00000a77  BusFault_Handler              
20000004  Byte_Recibido                 
00000a7d  C$$EXIT                       
00000a77  COMP_E0_IRQHandler            
00000a77  COMP_E1_IRQHandler            
00000a77  CS_IRQHandler                 
00000a77  DMA_ERR_IRQHandler            
00000a77  DMA_INT0_IRQHandler           
00000a77  DMA_INT1_IRQHandler           
00000a77  DMA_INT2_IRQHandler           
00000a77  DMA_INT3_IRQHandler           
00000a77  DebugMon_Handler              
00000a77  Default_Handler               
00000223  Desactiva_TimerA1_TimeOut     
00000a77  EUSCIA0_IRQHandler            
00000a77  EUSCIA1_IRQHandler            
00000141  EUSCIA2_IRQHandler            
00000141  EUSCIA2_IRQHandler            
00000a77  EUSCIA3_IRQHandler            
00000a77  EUSCIB0_IRQHandler            
00000a77  EUSCIB1_IRQHandler            
00000a77  EUSCIB2_IRQHandler            
00000a77  EUSCIB3_IRQHandler            
00000a77  FLCTL_IRQHandler              
00000a77  FPU_IRQHandler                
00000a77  HardFault_Handler             
00000a77  MemManage_Handler             
00000a77  NMI_Handler                   
00000a77  PCM_IRQHandler                
00000a77  PORT1_IRQHandler              
00000a77  PORT2_IRQHandler              
00000a77  PORT3_IRQHandler              
00000a77  PORT4_IRQHandler              
00000a77  PORT5_IRQHandler              
00000a77  PORT6_IRQHandler              
00000a77  PSS_IRQHandler                
00000a77  PendSV_Handler                
00000a77  RTC_C_IRQHandler              
00000a6b  Reset_Handler                 
0000022f  RxPacket                      
00000a77  SVC_Handler                   
00000129  Sentit_Dades_Rx               
00000135  Sentit_Dades_Tx               
00000a77  SysTick_Handler               
20000000  SystemCoreClock               
0000054d  SystemCoreClockUpdate         
000007c5  SystemInit                    
00000a77  T32_INT1_IRQHandler           
00000a77  T32_INT2_IRQHandler           
00000a77  T32_INTC_IRQHandler           
00000a77  TA0_0_IRQHandler              
00000a77  TA0_N_IRQHandler              
00000197  TA1_0_IRQHandler              
00000197  TA1_0_IRQHandler              
00000a77  TA1_N_IRQHandler              
00000a77  TA2_0_IRQHandler              
00000a77  TA2_N_IRQHandler              
00000a77  TA3_0_IRQHandler              
00000a77  TA3_N_IRQHandler              
000000e5  TimeOut                       
000003e1  TxPacket                      
00000179  TxUACx                        
00000a77  UsageFault_Handler            
4000480c  WDTCTL_SYM                    
00000a77  WDT_A_IRQHandler              
20010000  __STACK_END                   
00000200  __STACK_SIZE                  
00000ab8  __TI_CINIT_Base               
00000ac8  __TI_CINIT_Limit              
00000a98  __TI_Handler_Table_Base       
00000aa4  __TI_Handler_Table_Limit      
00000985  __TI_auto_init_nobinit_nopinit
0000091d  __TI_decompress_lzss          
00000a5d  __TI_decompress_none          
ffffffff  __TI_pprof_out_hndl           
ffffffff  __TI_prof_data_size           
ffffffff  __TI_prof_data_start          
00000000  __TI_static_base__            
00000a41  __TI_zero_init_nomemset       
00000881  __aeabi_memcpy                
00000881  __aeabi_memcpy4               
00000881  __aeabi_memcpy8               
ffffffff  __binit__                     
ffffffff  __c_args__                    
UNDEFED   __mpu_init                    
2000fe00  __stack                       
20000000  __start___llvm_prf_cnts       
20000000  __stop___llvm_prf_cnts        
00000a0d  _c_int00_noargs               
UNDEFED   _system_post_cinit            
00000a79  _system_pre_init              
00000a7d  abort                         
ffffffff  binit                         
20000005  dataR_UART                    
000001bd  init_UART                     
0000036d  init_interrupciones           
000000ff  init_puerto                   
00000397  init_timers                   
00000000  interruptVectors              
00000505  main                          
00000881  memcpy                        
000009c9  moveForward                   
000001b5  reset_timeout                 
20000006  timeOut                       


GLOBAL SYMBOLS: SORTED BY Symbol Address 

address   name                          
-------   ----                          
00000000  __TI_static_base__            
00000000  interruptVectors              
000000e5  TimeOut                       
000000ff  init_puerto                   
00000129  Sentit_Dades_Rx               
00000135  Sentit_Dades_Tx               
00000141  EUSCIA2_IRQHandler            
00000141  EUSCIA2_IRQHandler            
00000179  TxUACx                        
00000197  TA1_0_IRQHandler              
00000197  TA1_0_IRQHandler              
000001b5  reset_timeout                 
000001bd  init_UART                     
00000200  __STACK_SIZE                  
00000211  Activa_TimerA1_TimeOut        
00000223  Desactiva_TimerA1_TimeOut     
0000022f  RxPacket                      
0000036d  init_interrupciones           
00000397  init_timers                   
000003e1  TxPacket                      
00000505  main                          
0000054d  SystemCoreClockUpdate         
000007c5  SystemInit                    
00000881  __aeabi_memcpy                
00000881  __aeabi_memcpy4               
00000881  __aeabi_memcpy8               
00000881  memcpy                        
0000091d  __TI_decompress_lzss          
00000985  __TI_auto_init_nobinit_nopinit
000009c9  moveForward                   
00000a0d  _c_int00_noargs               
00000a41  __TI_zero_init_nomemset       
00000a5d  __TI_decompress_none          
00000a6b  Reset_Handler                 
00000a77  ADC14_IRQHandler              
00000a77  AES256_IRQHandler             
00000a77  BusFault_Handler              
00000a77  COMP_E0_IRQHandler            
00000a77  COMP_E1_IRQHandler            
00000a77  CS_IRQHandler                 
00000a77  DMA_ERR_IRQHandler            
00000a77  DMA_INT0_IRQHandler           
00000a77  DMA_INT1_IRQHandler           
00000a77  DMA_INT2_IRQHandler           
00000a77  DMA_INT3_IRQHandler           
00000a77  DebugMon_Handler              
00000a77  Default_Handler               
00000a77  EUSCIA0_IRQHandler            
00000a77  EUSCIA1_IRQHandler            
00000a77  EUSCIA3_IRQHandler            
00000a77  EUSCIB0_IRQHandler            
00000a77  EUSCIB1_IRQHandler            
00000a77  EUSCIB2_IRQHandler            
00000a77  EUSCIB3_IRQHandler            
00000a77  FLCTL_IRQHandler              
00000a77  FPU_IRQHandler                
00000a77  HardFault_Handler             
00000a77  MemManage_Handler             
00000a77  NMI_Handler                   
00000a77  PCM_IRQHandler                
00000a77  PORT1_IRQHandler              
00000a77  PORT2_IRQHandler              
00000a77  PORT3_IRQHandler              
00000a77  PORT4_IRQHandler              
00000a77  PORT5_IRQHandler              
00000a77  PORT6_IRQHandler              
00000a77  PSS_IRQHandler                
00000a77  PendSV_Handler                
00000a77  RTC_C_IRQHandler              
00000a77  SVC_Handler                   
00000a77  SysTick_Handler               
00000a77  T32_INT1_IRQHandler           
00000a77  T32_INT2_IRQHandler           
00000a77  T32_INTC_IRQHandler           
00000a77  TA0_0_IRQHandler              
00000a77  TA0_N_IRQHandler              
00000a77  TA1_N_IRQHandler              
00000a77  TA2_0_IRQHandler              
00000a77  TA2_N_IRQHandler              
00000a77  TA3_0_IRQHandler              
00000a77  TA3_N_IRQHandler              
00000a77  UsageFault_Handler            
00000a77  WDT_A_IRQHandler              
00000a79  _system_pre_init              
00000a7d  C$$EXIT                       
00000a7d  abort                         
00000a98  __TI_Handler_Table_Base       
00000aa4  __TI_Handler_Table_Limit      
00000ab8  __TI_CINIT_Base               
00000ac8  __TI_CINIT_Limit              
20000000  SystemCoreClock               
20000000  __start___llvm_prf_cnts       
20000000  __stop___llvm_prf_cnts        
20000004  Byte_Recibido                 
20000005  dataR_UART                    
20000006  timeOut                       
2000fe00  __stack                       
20010000  __STACK_END                   
4000480c  WDTCTL_SYM                    
ffffffff  __TI_pprof_out_hndl           
ffffffff  __TI_prof_data_size           
ffffffff  __TI_prof_data_start          
ffffffff  __binit__                     
ffffffff  __c_args__                    
ffffffff  binit                         
UNDEFED   __mpu_init                    
UNDEFED   _system_post_cinit            

[107 symbols]
