******************************************************************************
                  TI ARM Linker PC v20.2.5                     
******************************************************************************
>> Linked Tue May  2 13:00:40 2023

OUTPUT FILE NAME:   <P4-2.out>
ENTRY POINT SYMBOL: "_c_int00_noargs"  address: 00000e99


MEMORY CONFIGURATION

         name            origin    length      used     unused   attr    fill
----------------------  --------  ---------  --------  --------  ----  --------
  MAIN                  00000000   00040000  00000f3c  0003f0c4  R  X
  INFO                  00200000   00004000  00000000  00004000  R  X
  SRAM_CODE             01000000   00010000  0000020b  0000fdf5  RW X
  SRAM_DATA             20000000   00010000  0000020b  0000fdf5  RW  


SEGMENT ALLOCATION MAP

run origin  load origin   length   init length attrs members
----------  ----------- ---------- ----------- ----- -------
00000000    00000000    00000f40   00000f40    r-x
  00000000    00000000    000000e4   000000e4    r-- .intvecs
  000000e4    000000e4    00000e28   00000e28    r-x .text
  00000f10    00000f10    00000030   00000030    r-- .cinit
20000000    20000000    0000000d   00000000    rw-
  20000000    20000000    00000006   00000000    rw- .bss
  20000008    20000008    00000005   00000000    rw- .data
2000fe00    2000fe00    00000200   00000000    rw-
  2000fe00    2000fe00    00000200   00000000    rw- .stack


SECTION ALLOCATION MAP

 output                                  attributes/
section   page    origin      length       input sections
--------  ----  ----------  ----------   ----------------
.intvecs   0    00000000    000000e4     
                  00000000    000000e4     startup_msp432p401r_ccs.obj (.intvecs:retain)

.text      0    000000e4    00000e28     
                  000000e4    000007a8     main.obj (.text)
                  0000088c    00000334     system_msp432p401r.obj (.text)
                  00000bc0    00000118     lib_movement.obj (.text)
                  00000cd8    0000009c     rtsv7M4_T_le_v4SPD16_eabi.lib : memcpy_t2.asm.obj (.text)
                  00000d74    00000078     lib_PAE.lib : Inicializacion.obj (.text)
                  00000dec    00000068     rtsv7M4_T_le_v4SPD16_eabi.lib : copy_decompress_lzss.c.obj (.text:decompress:lzss:__TI_decompress_lzss)
                  00000e54    00000044                                   : autoinit.c.obj (.text:__TI_auto_init_nobinit_nopinit:__TI_auto_init_nobinit_nopinit)
                  00000e98    00000034                                   : boot_cortex_m.c.obj (.text:_c_int00_noargs:_c_int00_noargs)
                  00000ecc    0000001c                                   : copy_zero_init.c.obj (.text:decompress:ZI:__TI_zero_init_nomemset:__TI_zero_init_nomemset)
                  00000ee8    0000000e                                   : copy_decompress_none.c.obj (.text:decompress:none:__TI_decompress_none)
                  00000ef6    0000000e     startup_msp432p401r_ccs.obj (.text)
                  00000f04    00000004     rtsv7M4_T_le_v4SPD16_eabi.lib : pre_init.c.obj (.text:_system_pre_init)
                  00000f08    00000004                                   : exit.c.obj (.text:abort:abort)

.cinit     0    00000f10    00000030     
                  00000f10    0000000c     (__TI_handler_table)
                  00000f1c    00000009     (.cinit..data.load) [load image, compression = lzss]
                  00000f25    00000003     --HOLE-- [fill = 0]
                  00000f28    00000008     (.cinit..bss.load) [load image, compression = zero_init]
                  00000f30    00000010     (__TI_cinit_table)

.init_array 
*          0    00000000    00000000     UNINITIALIZED

.binit     0    00000000    00000000     

.bss       0    20000000    00000006     UNINITIALIZED
                  20000000    00000001     (.common:Byte_Recibido)
                  20000001    00000001     (.common:lecturaDato_UART)
                  20000002    00000001     (.common:sensorC)
                  20000003    00000001     (.common:sensorL)
                  20000004    00000001     (.common:sensorR)
                  20000005    00000001     (.common:timeOut)

.data      0    20000008    00000005     UNINITIALIZED
                  20000008    00000004     system_msp432p401r.obj (.data)
                  2000000c    00000001     main.obj (.data)

.stack     0    2000fe00    00000200     UNINITIALIZED
                  2000fe00    00000004     rtsv7M4_T_le_v4SPD16_eabi.lib : boot_cortex_m.c.obj (.stack)
                  2000fe04    000001fc     --HOLE--

__llvm_prf_cnts 
*          0    20000000    00000000     UNINITIALIZED

MODULE SUMMARY

       Module                        code   ro data   rw data
       ------                        ----   -------   -------
    .\
       main.obj                      1960   0         14     
       system_msp432p401r.obj        820    0         8      
       lib_movement.obj              280    0         0      
       startup_msp432p401r_ccs.obj   14     228       0      
    +--+-----------------------------+------+---------+---------+
       Total:                        3074   228       22     
                                                             
    ../lib_PAE.lib
       Inicializacion.obj            120    0         0      
    +--+-----------------------------+------+---------+---------+
       Total:                        120    0         0      
                                                             
    C:\ti\ccs1040\ccs\tools\compiler\ti-cgt-arm_20.2.5.LTS\lib\rtsv7M4_T_le_v4SPD16_eabi.lib
       memcpy_t2.asm.obj             156    0         0      
       copy_decompress_lzss.c.obj    104    0         0      
       autoinit.c.obj                68     0         0      
       boot_cortex_m.c.obj           52     0         0      
       copy_zero_init.c.obj          28     0         0      
       copy_decompress_none.c.obj    14     0         0      
       exit.c.obj                    4      0         0      
       pre_init.c.obj                4      0         0      
    +--+-----------------------------+------+---------+---------+
       Total:                        430    0         0      
                                                             
       Stack:                        0      0         1024   
       Linker Generated:             0      45        0      
    +--+-----------------------------+------+---------+---------+
       Grand Total:                  3624   273       1046   


LINKER GENERATED COPY TABLES

__TI_cinit_table @ 00000f30 records: 2, size/record: 8, table size: 16
	.data: load addr=00000f1c, load size=00000009 bytes, run addr=20000008, run size=00000005 bytes, compression=lzss
	.bss: load addr=00000f28, load size=00000008 bytes, run addr=20000000, run size=00000006 bytes, compression=zero_init


LINKER GENERATED HANDLER TABLE

__TI_handler_table @ 00000f10 records: 3, size/record: 4, table size: 12
	index: 0, handler: __TI_decompress_lzss
	index: 1, handler: __TI_decompress_none
	index: 2, handler: __TI_zero_init


GLOBAL SYMBOLS: SORTED ALPHABETICALLY BY Name 

address   name                          
-------   ----                          
00000f03  ADC14_IRQHandler              
00000f03  AES256_IRQHandler             
00000263  Activa_TimerA1_TimeOut        
00000f03  BusFault_Handler              
20000000  Byte_Recibido                 
00000f09  C$$EXIT                       
00000f03  COMP_E0_IRQHandler            
00000f03  COMP_E1_IRQHandler            
00000f03  CS_IRQHandler                 
00000f03  DMA_ERR_IRQHandler            
00000f03  DMA_INT0_IRQHandler           
00000f03  DMA_INT1_IRQHandler           
00000f03  DMA_INT2_IRQHandler           
00000f03  DMA_INT3_IRQHandler           
00000f03  DebugMon_Handler              
00000f03  Default_Handler               
00000275  Desactiva_TimerA1_TimeOut     
0000042d  EUSCIA0_IRQHandler            
0000042d  EUSCIA0_IRQHandler            
00000f03  EUSCIA1_IRQHandler            
00000471  EUSCIA2_IRQHandler            
00000471  EUSCIA2_IRQHandler            
00000f03  EUSCIA3_IRQHandler            
00000f03  EUSCIB0_IRQHandler            
00000f03  EUSCIB1_IRQHandler            
00000f03  EUSCIB2_IRQHandler            
00000f03  EUSCIB3_IRQHandler            
00000f03  FLCTL_IRQHandler              
00000f03  FPU_IRQHandler                
00000f03  HardFault_Handler             
00000f03  MemManage_Handler             
00000f03  NMI_Handler                   
00000f03  PCM_IRQHandler                
00000f03  PORT1_IRQHandler              
00000f03  PORT2_IRQHandler              
00000f03  PORT3_IRQHandler              
00000f03  PORT4_IRQHandler              
00000f03  PORT5_IRQHandler              
00000f03  PORT6_IRQHandler              
00000f03  PSS_IRQHandler                
00000f03  PendSV_Handler                
00000f03  RTC_C_IRQHandler              
00000ef7  Reset_Handler                 
00000281  RxPacket                      
00000f03  SVC_Handler                   
00000129  Sentit_Dades_Rx               
00000135  Sentit_Dades_Tx               
00000f03  SysTick_Handler               
20000008  SystemCoreClock               
0000088d  SystemCoreClockUpdate         
00000b05  SystemInit                    
00000f03  T32_INT1_IRQHandler           
00000f03  T32_INT2_IRQHandler           
00000f03  T32_INTC_IRQHandler           
00000f03  TA0_0_IRQHandler              
00000f03  TA0_N_IRQHandler              
00000175  TA1_0_IRQHandler              
00000175  TA1_0_IRQHandler              
00000f03  TA1_N_IRQHandler              
00000f03  TA2_0_IRQHandler              
00000f03  TA2_N_IRQHandler              
00000f03  TA3_0_IRQHandler              
00000f03  TA3_N_IRQHandler              
000000e5  TimeOut                       
000004e5  TxPacket                      
00000141  TxUACx                        
00000f03  UsageFault_Handler            
4000480c  WDTCTL_SYM                    
00000f03  WDT_A_IRQHandler              
20010000  __STACK_END                   
00000200  __STACK_SIZE                  
00000f30  __TI_CINIT_Base               
00000f40  __TI_CINIT_Limit              
00000f10  __TI_Handler_Table_Base       
00000f1c  __TI_Handler_Table_Limit      
00000e55  __TI_auto_init_nobinit_nopinit
00000ded  __TI_decompress_lzss          
00000ee9  __TI_decompress_none          
ffffffff  __TI_pprof_out_hndl           
ffffffff  __TI_prof_data_size           
ffffffff  __TI_prof_data_start          
00000000  __TI_static_base__            
00000ecd  __TI_zero_init_nomemset       
00000cd9  __aeabi_memcpy                
00000cd9  __aeabi_memcpy4               
00000cd9  __aeabi_memcpy8               
ffffffff  __binit__                     
ffffffff  __c_args__                    
UNDEFED   __mpu_init                    
2000fe00  __stack                       
20000000  __start___llvm_prf_cnts       
20000000  __stop___llvm_prf_cnts        
00000e99  _c_int00_noargs               
UNDEFED   _system_post_cinit            
00000f05  _system_pre_init              
00000f09  abort                         
ffffffff  binit                         
2000000c  emulada                       
0000019b  init_UART                     
000003cb  init_interrupciones           
000000ff  init_puerto                   
00000249  init_timer                    
00000411  init_timers                   
00000d75  init_ucs_16MHz                
00000dad  init_ucs_24MHz                
00000000  interruptVectors              
20000001  lecturaDato_UART              
0000071d  main                          
00000cd9  memcpy                        
00000c03  moveBackward                  
00000bc1  moveForward                   
0000060d  read_sensores                 
00000193  reset_timeout                 
20000002  sensorC                       
20000003  sensorL                       
20000004  sensorR                       
00000c45  stopMovement                  
20000005  timeOut                       
00000649  trama_motors_inicial          
00000cad  turnLeft                      
00000c81  turnRight                     


GLOBAL SYMBOLS: SORTED BY Symbol Address 

address   name                          
-------   ----                          
00000000  __TI_static_base__            
00000000  interruptVectors              
000000e5  TimeOut                       
000000ff  init_puerto                   
00000129  Sentit_Dades_Rx               
00000135  Sentit_Dades_Tx               
00000141  TxUACx                        
00000175  TA1_0_IRQHandler              
00000175  TA1_0_IRQHandler              
00000193  reset_timeout                 
0000019b  init_UART                     
00000200  __STACK_SIZE                  
00000249  init_timer                    
00000263  Activa_TimerA1_TimeOut        
00000275  Desactiva_TimerA1_TimeOut     
00000281  RxPacket                      
000003cb  init_interrupciones           
00000411  init_timers                   
0000042d  EUSCIA0_IRQHandler            
0000042d  EUSCIA0_IRQHandler            
00000471  EUSCIA2_IRQHandler            
00000471  EUSCIA2_IRQHandler            
000004e5  TxPacket                      
0000060d  read_sensores                 
00000649  trama_motors_inicial          
0000071d  main                          
0000088d  SystemCoreClockUpdate         
00000b05  SystemInit                    
00000bc1  moveForward                   
00000c03  moveBackward                  
00000c45  stopMovement                  
00000c81  turnRight                     
00000cad  turnLeft                      
00000cd9  __aeabi_memcpy                
00000cd9  __aeabi_memcpy4               
00000cd9  __aeabi_memcpy8               
00000cd9  memcpy                        
00000d75  init_ucs_16MHz                
00000dad  init_ucs_24MHz                
00000ded  __TI_decompress_lzss          
00000e55  __TI_auto_init_nobinit_nopinit
00000e99  _c_int00_noargs               
00000ecd  __TI_zero_init_nomemset       
00000ee9  __TI_decompress_none          
00000ef7  Reset_Handler                 
00000f03  ADC14_IRQHandler              
00000f03  AES256_IRQHandler             
00000f03  BusFault_Handler              
00000f03  COMP_E0_IRQHandler            
00000f03  COMP_E1_IRQHandler            
00000f03  CS_IRQHandler                 
00000f03  DMA_ERR_IRQHandler            
00000f03  DMA_INT0_IRQHandler           
00000f03  DMA_INT1_IRQHandler           
00000f03  DMA_INT2_IRQHandler           
00000f03  DMA_INT3_IRQHandler           
00000f03  DebugMon_Handler              
00000f03  Default_Handler               
00000f03  EUSCIA1_IRQHandler            
00000f03  EUSCIA3_IRQHandler            
00000f03  EUSCIB0_IRQHandler            
00000f03  EUSCIB1_IRQHandler            
00000f03  EUSCIB2_IRQHandler            
00000f03  EUSCIB3_IRQHandler            
00000f03  FLCTL_IRQHandler              
00000f03  FPU_IRQHandler                
00000f03  HardFault_Handler             
00000f03  MemManage_Handler             
00000f03  NMI_Handler                   
00000f03  PCM_IRQHandler                
00000f03  PORT1_IRQHandler              
00000f03  PORT2_IRQHandler              
00000f03  PORT3_IRQHandler              
00000f03  PORT4_IRQHandler              
00000f03  PORT5_IRQHandler              
00000f03  PORT6_IRQHandler              
00000f03  PSS_IRQHandler                
00000f03  PendSV_Handler                
00000f03  RTC_C_IRQHandler              
00000f03  SVC_Handler                   
00000f03  SysTick_Handler               
00000f03  T32_INT1_IRQHandler           
00000f03  T32_INT2_IRQHandler           
00000f03  T32_INTC_IRQHandler           
00000f03  TA0_0_IRQHandler              
00000f03  TA0_N_IRQHandler              
00000f03  TA1_N_IRQHandler              
00000f03  TA2_0_IRQHandler              
00000f03  TA2_N_IRQHandler              
00000f03  TA3_0_IRQHandler              
00000f03  TA3_N_IRQHandler              
00000f03  UsageFault_Handler            
00000f03  WDT_A_IRQHandler              
00000f05  _system_pre_init              
00000f09  C$$EXIT                       
00000f09  abort                         
00000f10  __TI_Handler_Table_Base       
00000f1c  __TI_Handler_Table_Limit      
00000f30  __TI_CINIT_Base               
00000f40  __TI_CINIT_Limit              
20000000  Byte_Recibido                 
20000000  __start___llvm_prf_cnts       
20000000  __stop___llvm_prf_cnts        
20000001  lecturaDato_UART              
20000002  sensorC                       
20000003  sensorL                       
20000004  sensorR                       
20000005  timeOut                       
20000008  SystemCoreClock               
2000000c  emulada                       
2000fe00  __stack                       
20010000  __STACK_END                   
4000480c  WDTCTL_SYM                    
ffffffff  __TI_pprof_out_hndl           
ffffffff  __TI_prof_data_size           
ffffffff  __TI_prof_data_start          
ffffffff  __binit__                     
ffffffff  __c_args__                    
ffffffff  binit                         
UNDEFED   __mpu_init                    
UNDEFED   _system_post_cinit            

[121 symbols]
